01_Image$Tracking_1_Image$On$Target
01_Image$Tracking_2_Different$Targets
01_Image$Tracking_3_Interactivity
01_Image$Tracking_4_Html$Drawable
01_Image$Tracking_5_Bonus-Sparkles
02_Advanced$Image$Tracking_1_Gestures
02_Advanced$Image$Tracking_2_Distance$To$Target
02_Advanced$Image$Tracking_3_Extended$Tracking
03_Multiple$Targets_1_Multiple$Targets
03_Multiple$Targets_2_Distance$Between$Targets
03_Multiple$Targets_3_Transformation$Between$Targets
04_Cloud$Recognition_1_Single$Image$Recognition
04_Cloud$Recognition_2_Continuous$Image$Recognition
04_Cloud$Recognition_3_Using$Metainformation$In$The$Response
07_3d$Models_1_3d$Model$On$Target
07_3d$Models_2_Appearing$Animation
07_3d$Models_3_Interactivity
07_3d$Models_4_Snap$To$Screen
07_3d$Models_5_Animated$Model$Parts
07_3d$Models_6_3d$Model$At$Geo$Location
11_Video_1_Simple$Video
11_Video_2_Playback$States
11_Video_3_Snapping$Video
11_Video_4_Bonus-Transparent$Video
13_Plugins$API_1_QR&Barcode
13_Plugins$API_2_Face$Detection
13_Plugins$API_3_Simple$Input$Plugin
13_Plugins$API_4_Custom$Camera
13_Plugins$API_5_Marker$Tracking
x_Demo_1_2d$Tracking$And$Geo
x_Demo_3_Solar$System(2d$Tracking)
